[Licensing::Module] Trying to connect to existing licensing client channel...
[Licensing::IpcConnector] Successfully connected to: "LicenseClient-paulp" at "2026-05-02T23:43:48.5143651Z"
Built from '6000.4/staging' branch; Version is '6000.4.4f1 (360f97ecca93) revision 3542935'; Using compiler version '194234433'; Build Type 'Release'
OS: 'Windows 11  (10.0.26200) Core' Language: 'en' Physical Memory: 32387 MB
BatchMode: 1, IsHumanControllingUs: 0, StartBugReporterOnCrash: 0, Is64bit: 1
System  architecture: x64
Process architecture: x64
Date: 2026-05-02T23:43:48Z

COMMAND LINE ARGUMENTS:
A:\UnityHub\Unity Hub\6000.4.4f1\Editor\Unity.exe
-adb2
-batchMode
-noUpm
-name
AssetImportWorker6
-projectPath
A:/UnityHub/CSC493FP-Work
-logFile
Logs/AssetImportWorker6.log
-srvPort
64015
-licensingIpc
LicenseClient-paulp
-force-d3d12
-job-worker-count
7
-background-job-worker-count
8
-gc-helper-count
1
-name
AssetImport
Successfully changed project path to: A:/UnityHub/CSC493FP-Work
A:/UnityHub/CSC493FP-Work
[UnityMemory] Configuration Parameters - Can be set up in boot.config
    "memorysetup-temp-allocator-size-gi-baking-worker=262144"
    "memorysetup-temp-allocator-size-gi-baking-worker=262144"
    "memorysetup-temp-allocator-size-gi-baking-worker=262144"
    "memorysetup-temp-allocator-size-gi-baking-worker=262144"
    "memorysetup-temp-allocator-size-gi-baking-worker=262144"
    "memorysetup-temp-allocator-size-nav-mesh-worker=65536"
    "memorysetup-temp-allocator-size-audio-worker=65536"
    "memorysetup-temp-allocator-size-cloud-worker=32768"
    "memorysetup-temp-allocator-size-gfx=262144"
    "memorysetup-temp-allocator-size-preload-manager=33554432"
    "memorysetup-temp-allocator-size-job-worker=262144"
    "memorysetup-temp-allocator-size-background-worker=32768"
    "memorysetup-allocator-temp-initial-block-size-main=262144"
    "memorysetup-allocator-temp-initial-block-size-worker=262144"
    "memorysetup-bucket-allocator-granularity=16"
    "memorysetup-bucket-allocator-bucket-count=8"
    "memorysetup-bucket-allocator-block-size=33554432"
    "memorysetup-bucket-allocator-block-count=8"
    "memorysetup-main-allocator-block-size=16777216"
    "memorysetup-thread-allocator-block-size=16777216"
    "memorysetup-gfx-main-allocator-block-size=16777216"
    "memorysetup-gfx-thread-allocator-block-size=16777216"
    "memorysetup-cache-allocator-block-size=4194304"
    "memorysetup-typetree-allocator-block-size=2097152"
    "memorysetup-profiler-bucket-allocator-granularity=16"
    "memorysetup-profiler-bucket-allocator-bucket-count=8"
    "memorysetup-profiler-bucket-allocator-block-size=33554432"
    "memorysetup-profiler-bucket-allocator-block-count=8"
    "memorysetup-profiler-allocator-block-size=16777216"
    "memorysetup-profiler-editor-allocator-block-size=1048576"
    "memorysetup-temp-allocator-size-main=16777216"
    "memorysetup-job-temp-allocator-block-size=2097152"
    "memorysetup-job-temp-allocator-block-size-background=1048576"
    "memorysetup-job-temp-allocator-reduction-small-platforms=262144"
Player connection [28320]  Target information:

Player connection [28320]  * "[IP] 192.168.0.96 [Port] 0 [Flags] 2 [Guid] 967298002 [EditorId] 967298002 [Version] 1048832 [Id] WindowsEditor(7,WarMachinePP) [Debug] 1 [PackageName] WindowsEditor [ProjectName] Editor" 

Player connection [28320] Host joined multi-casting on [225.0.0.222:54997]...
Player connection [28320] Host joined alternative multi-casting on [225.0.0.222:34997]...
JobSystem: Creating JobQueue using job-worker-count value 7
Input System module state changed to: Initialized.
[Physics::Module] Initialized fallback backend.
[Physics::Module] Id: 0xdecafbad
Library Redirect Path: Library/
[Physics::Module] Selected backend.
[Physics::Module] Name: PhysX
[Physics::Module] Id: 0xf2b8ea05
[Physics::Module] SDK Version: 4.1.2
[Physics::Module] Integration Version: 1.0.0
[Physics::Module] Threading Mode: Multi-Threaded
Refreshing native plugins compatible for Editor in 8.76 ms, found 4 plugins.
Initialize engine version: 6000.4.4f1 (360f97ecca93)
[Subsystems] Discovering subsystems at path A:/UnityHub/Unity Hub/6000.4.4f1/Editor/Data/Resources/UnitySubsystems
[Subsystems] Discovering subsystems at path A:/UnityHub/CSC493FP-Work/Assets
Forcing GfxDevice: Direct3D 12
GfxDevice: creating device client; kGfxThreadingModeNonThreaded
d3d12: failed to query info queue interface (0x80004002).
Direct3D:
    Version:         Direct3D 12 [level 12.2]
    Renderer:        NVIDIA GeForce RTX 4070 Laptop GPU (ID=0x2860)
    Vendor:          NVIDIA
    VRAM:            7948 MB
    App VRAM Budget: 7180 MB
    Driver:          32.0.15.9636
Initialize mono
Mono path[0] = 'A:/UnityHub/Unity Hub/6000.4.4f1/Editor/Data/Managed'
Mono path[1] = 'A:/UnityHub/Unity Hub/6000.4.4f1/Editor/Data/MonoBleedingEdge/lib/mono/unityjit-win32'
Mono config path = 'A:/UnityHub/Unity Hub/6000.4.4f1/Editor/Data/MonoBleedingEdge/etc'
Using monoOptions --debugger-agent=transport=dt_socket,embedding=1,server=y,suspend=n,address=127.0.0.1:56760
CodeReloadManager initialized
Begin MonoManager ReloadAssembly
Registering precompiled unity dll's ...
Register platform support module: A:/UnityHub/Unity Hub/6000.4.4f1/Editor/Data/PlaybackEngines/WebGLSupport/UnityEditor.WebGL.Extensions.dll
Register platform support module: A:/UnityHub/Unity Hub/6000.4.4f1/Editor/Data/PlaybackEngines/WindowsStandaloneSupport/UnityEditor.WindowsStandalone.Extensions.dll
Registered in 0.003785 seconds.
Native extension for WindowsStandalone target not found
Native extension for WebGL target not found
Package Manager log level set to [2]
[Package Manager] Failed to launch server process. Reason: Unity was launched with the -noUpm command-line argument
[Package Manager] Unable to send message (not connected to server process).
[Package Manager] Cannot connect to Unity Package Manager local server
ScheduleIndexationOnStartup MainProcess:False IndexOnStartup:True
Mono: successfully reloaded assembly
- Finished resetting the current domain, in  0.746 seconds
Domain Reload Profiling: 1607ms
	BeginReloadAssembly (278ms)
	RebuildCommonClasses (65ms)
	RebuildNativeTypeToScriptingClass (25ms)
	initialDomainReloadingComplete (108ms)
	LoadAllAssembliesAndSetupDomain (382ms)
		LoadAssemblies (277ms)
		AnalyzeDomain (366ms)
			TypeCache.Refresh (365ms)
				TypeCache.ScanAssembly (341ms)
	FinalizeReload (749ms)
		SetupLoadedEditorAssemblies (0ms)
			InitializePlatformSupportModulesInManaged (95ms)
			BeforeProcessingInitializeOnLoad (161ms)
			ProcessInitializeOnLoadAttributes (198ms)
			ProcessInitializeOnLoadMethodAttributes (158ms)
========================================================================
Worker process is ready to serve import requests
Import Worker Mode flag is 0x00
Begin MonoManager ReloadAssembly
[Licensing::Module] Licensing is not yet initialized.
[Licensing::Client] Error: HandshakeResponse reported an error:
	ResponseCode: 505
	ResponseStatus: Unsupported protocol version '1.18.1'.
[Licensing::Module] Error: Failed to handshake to channel: "LicenseClient-paulp"
[Licensing::IpcConnector] LicenseClient-paulp channel disconnected successfully.
[Licensing::IpcConnector] Successfully connected to: "LicenseClient-paulp-6000.4.4" at "2026-05-02T23:43:52.3180396Z"
[Licensing::Client] Handshaking with LicensingClient:
  Version:                 1.18.1+9fbee8e
  Session Id:              c3eb4f29325348338d18d7d9e7470878
  Correlation Id:          42a417e29c1db8aac9d4aba0c6ead561
  External correlation Id: 9059340660601200461
  Machine Id:              qRZcJ3jZoV+klU0f72OZIpRyvBw=
[Licensing::Module] Successfully connected to LicensingClient on channel: "LicenseClient-paulp-6000.4.4" (connect: 0.00s, validation: 0.00s, handshake: 3.53s)
[Licensing::IpcConnector] Successfully connected to: "LicenseClient-paulp-6000.4.4-notifications" at "2026-05-02T23:43:55.8533611Z"
[Licensing::Module] Licensing Background thread has ended after 7.34s
[Licensing::Module] Licensing is initialized (took 3.64s).
[Licensing::Client] Successfully resolved entitlement details
[Licensing::Module] License group:
  Id: 2474244442130-UnityPersXXXX
  Product: Unity Personal
  Type: Assigned
  Expiration: Unlimited
Assembly Assembly-CSharp-Editor-firstpass.dll at Library/ScriptAssemblies/Assembly-CSharp-Editor-firstpass.dll not valid. Loading of assembly skipped.
Assembly Assembly-CSharp-firstpass.dll at Library/ScriptAssemblies/Assembly-CSharp-firstpass.dll not valid. Loading of assembly skipped.
Assembly DocCodeExamples.dll at Library/ScriptAssemblies/DocCodeExamples.dll not valid. Loading of assembly skipped.
Assembly TestNewCustomAssembly.dll at Library/ScriptAssemblies/TestNewCustomAssembly.dll not valid. Loading of assembly skipped.
Assembly Unity.2D.Sprite.Package.EditorTests.dll at Library/ScriptAssemblies/Unity.2D.Sprite.Package.EditorTests.dll not valid. Loading of assembly skipped.
Assembly Unity.Collections.BurstCompatibilityGen.dll at Library/ScriptAssemblies/Unity.Collections.BurstCompatibilityGen.dll not valid. Loading of assembly skipped.
Assembly Unity.Collections.DocCodeSamples.dll at Library/ScriptAssemblies/Unity.Collections.DocCodeSamples.dll not valid. Loading of assembly skipped.
Assembly Unity.Collections.PerformanceTests.dll at Library/ScriptAssemblies/Unity.Collections.PerformanceTests.dll not valid. Loading of assembly skipped.
Assembly Unity.Collections.Tests.dll at Library/ScriptAssemblies/Unity.Collections.Tests.dll not valid. Loading of assembly skipped.
Assembly Unity.Collections.Tests.Playmode.dll at Library/ScriptAssemblies/Unity.Collections.Tests.Playmode.dll not valid. Loading of assembly skipped.
Assembly Unity.InputSystem.IntegrationTests.dll at Library/ScriptAssemblies/Unity.InputSystem.IntegrationTests.dll not valid. Loading of assembly skipped.
Assembly Unity.Mathematics.Tests.dll at Library/ScriptAssemblies/Unity.Mathematics.Tests.dll not valid. Loading of assembly skipped.
Assembly Unity.Multiplayer.Center.Editor.Tests.dll at Library/ScriptAssemblies/Unity.Multiplayer.Center.Editor.Tests.dll not valid. Loading of assembly skipped.
Assembly Unity.Multiplayer.Center.Tests.dll at Library/ScriptAssemblies/Unity.Multiplayer.Center.Tests.dll not valid. Loading of assembly skipped.
Assembly Unity.Nuget.Mono-Cecil.dll at Library/ScriptAssemblies/Unity.Nuget.Mono-Cecil.dll not valid. Loading of assembly skipped.
Assembly Unity.PathTracing.Editor.Tests.dll at Library/ScriptAssemblies/Unity.PathTracing.Editor.Tests.dll not valid. Loading of assembly skipped.
Assembly Unity.PathTracing.Runtime.Tests.dll at Library/ScriptAssemblies/Unity.PathTracing.Runtime.Tests.dll not valid. Loading of assembly skipped.
Assembly Unity.RenderPipelines.Core.Editor.Tests.dll at Library/ScriptAssemblies/Unity.RenderPipelines.Core.Editor.Tests.dll not valid. Loading of assembly skipped.
Assembly Unity.RenderPipelines.Core.Runtime.Tests.dll at Library/ScriptAssemblies/Unity.RenderPipelines.Core.Runtime.Tests.dll not valid. Loading of assembly skipped.
Assembly Unity.RenderPipelines.Universal.Config.Editor.Tests.dll at Library/ScriptAssemblies/Unity.RenderPipelines.Universal.Config.Editor.Tests.dll not valid. Loading of assembly skipped.
Assembly Unity.RenderPipelines.Universal.Editor.Tests.dll at Library/ScriptAssemblies/Unity.RenderPipelines.Universal.Editor.Tests.dll not valid. Loading of assembly skipped.
Assembly Unity.RenderPipelines.Universal.Runtime.Tests.dll at Library/ScriptAssemblies/Unity.RenderPipelines.Universal.Runtime.Tests.dll not valid. Loading of assembly skipped.
Assembly Unity.Searcher.EditorTests.dll at Library/ScriptAssemblies/Unity.Searcher.EditorTests.dll not valid. Loading of assembly skipped.
Assembly Unity.ShaderGraph.Editor.Tests.dll at Library/ScriptAssemblies/Unity.ShaderGraph.Editor.Tests.dll not valid. Loading of assembly skipped.
Assembly Unity.TextMeshPro.Editor.Tests.dll at Library/ScriptAssemblies/Unity.TextMeshPro.Editor.Tests.dll not valid. Loading of assembly skipped.
Assembly Unity.TextMeshPro.Tests.dll at Library/ScriptAssemblies/Unity.TextMeshPro.Tests.dll not valid. Loading of assembly skipped.
Assembly Unity.UnifiedRayTracing.Editor.Tests.dll at Library/ScriptAssemblies/Unity.UnifiedRayTracing.Editor.Tests.dll not valid. Loading of assembly skipped.
Assembly UnityEditor.UI.Common.Tests.dll at Library/ScriptAssemblies/UnityEditor.UI.Common.Tests.dll not valid. Loading of assembly skipped.
Assembly UnityEditor.UI.EditorTests.dll at Library/ScriptAssemblies/UnityEditor.UI.EditorTests.dll not valid. Loading of assembly skipped.
Assembly UnityEngine.UI.Tests.dll at Library/ScriptAssemblies/UnityEngine.UI.Tests.dll not valid. Loading of assembly skipped.
Native extension for WindowsStandalone target not found
Native extension for WebGL target not found
[Package Manager] Failed to launch server process. Reason: Unity was launched with the -noUpm command-line argument
[Package Manager] Unable to send message (not connected to server process).
[Package Manager] Cannot connect to Unity Package Manager local server
Refreshing native plugins compatible for Editor in 2.70 ms, found 4 plugins.
[Package Manager] Failed to launch server process. Reason: Unity was launched with the -noUpm command-line argument
[Package Manager] Unable to send message (not connected to server process).
[Package Manager] Cannot connect to Unity Package Manager local server
ScheduleIndexationOnStartup MainProcess:False IndexOnStartup:True
Mono: successfully reloaded assembly
- Finished resetting the current domain, in  1.438 seconds
Domain Reload Profiling: 6554ms
	BeginReloadAssembly (3987ms)
		DisableScriptedObjects (8ms)
		CreateAndSetChildDomain (41ms)
	RebuildCommonClasses (63ms)
	RebuildNativeTypeToScriptingClass (20ms)
	initialDomainReloadingComplete (136ms)
	LoadAllAssembliesAndSetupDomain (910ms)
		LoadAssemblies (693ms)
		AnalyzeDomain (440ms)
			TypeCache.Refresh (320ms)
				TypeCache.ScanAssembly (294ms)
			BuildScriptInfoCaches (101ms)
			ResolveRequiredComponents (17ms)
	FinalizeReload (1439ms)
		SetupLoadedEditorAssemblies (0ms)
			InitializePlatformSupportModulesInManaged (4ms)
			BeforeProcessingInitializeOnLoad (222ms)
			ProcessInitializeOnLoadAttributes (727ms)
			ProcessInitializeOnLoadMethodAttributes (121ms)
			AfterProcessingInitializeOnLoad (3ms)
		AwakeInstancesAfterBackupRestoration (10ms)
Launched and connected shader compiler UnityShaderCompiler.exe after 0.02 seconds
Refreshing native plugins compatible for Editor in 2.51 ms, found 4 plugins.
Unloading 24 Unused Serialized files (Serialized files now loaded: 0)
Unloading 6632 unused Assets / (5.4 MB). Loaded Objects now: 7456.
Memory consumption went from 159.8 MB to 154.4 MB.
Total: 11.067600 ms (FindLiveObjects: 0.665400 ms CreateObjectMapping: 0.505400 ms MarkObjects: 7.232600 ms  DeleteObjects: 2.660500 ms)

========================================================================
Received Import Request.
  Time since last request: 344945.126470 seconds.
  path: Assets/Downloaded/Blink/Art/Characters/Stylized/Humans/Textures_Humans/HM_Body_Normal.png
  importAddress: Guid(0191f37fb93f8a24387c249e2ea0998c) Importer(815301076,1909f56bfc062723c751e8b465ee728b)
Start importing Assets/Downloaded/Blink/Art/Characters/Stylized/Humans/Textures_Humans/HM_Body_Normal.png using Guid(0191f37fb93f8a24387c249e2ea0998c) Importer(815301076,1909f56bfc062723c751e8b465ee728b) (PreviewImporter) -> (Import Result ID: '10469d31771b1d4a1f8b435ac1f0baa6') in 0.1659801 seconds [static and dynamic dependencies]. Details - ImportResultOutputID=811ef057e2408df40f8fa0b262be4d13 DependenciesID=c0674042e209a316ae323d188ed4e3d6 StaticDependenciesID=cce3c9c507acebd7c3ee33093981565e 
Number of updated asset objects reloaded before import = 0Number of asset objects unloaded after import = 2

========================================================================
Received Import Request.
  Time since last request: 11.872710 seconds.
  path: Assets/Downloaded/Blink/Art/Characters/Stylized/Humans/Materials_Humans
  importAddress: Guid(a215d8cdce4d0c343b394b229c7deae2) Importer(2089858483,b0f066a214c2f5e87bad3c948f4d605d)
Start importing Assets/Downloaded/Blink/Art/Characters/Stylized/Humans/Materials_Humans using Guid(a215d8cdce4d0c343b394b229c7deae2) Importer(2089858483,b0f066a214c2f5e87bad3c948f4d605d) (ScriptedImporter) -> (Import Result ID: '37a2e159a9a08ebdd1f99dd369533f57') in 0.0906313 seconds [static and dynamic dependencies]. Details - ImportResultOutputID=d0f0fd44b15d23ef6edc3d0c917db313 DependenciesID=448343dc4618c50ce79d9901f0be28e6 StaticDependenciesID=6c58e075de360c6a84d3be7fdcca7262 
Number of updated asset objects reloaded before import = 0Number of asset objects unloaded after import = 1

========================================================================
Received Import Request.
  Time since last request: 0.000025 seconds.
  path: Assets/Downloaded/SiuniaevCharacters/02_Golem/Models/3dsmax/Golem_3dmax_2013_2014_2015_2016.rar
  importAddress: Guid(5459766969d1e28488123268f327d71e) Importer(2089858483,b0f066a214c2f5e87bad3c948f4d605d)
Start importing Assets/Downloaded/SiuniaevCharacters/02_Golem/Models/3dsmax/Golem_3dmax_2013_2014_2015_2016.rar using Guid(5459766969d1e28488123268f327d71e) Importer(2089858483,b0f066a214c2f5e87bad3c948f4d605d) (ScriptedImporter) -> (Import Result ID: '3e17cff36bbfe9add72a7c8d77002a11') in 0.0236788 seconds [static and dynamic dependencies]. Details - ImportResultOutputID=fa0a6654260c2663f26b5c4a0e9598ec DependenciesID=bfb1d26ccb6297f3a38662329f2dc744 StaticDependenciesID=7245ec5cf2b31f9307cb945c24d38fa7 
Number of updated asset objects reloaded before import = 0Number of asset objects unloaded after import = 1

========================================================================
Received Import Request.
  Time since last request: 0.000034 seconds.
  path: Assets/Downloaded/SiuniaevCharacters/02_Golem/Models/FBX
  importAddress: Guid(24e23987af1ee034b91873a5c9f6e50b) Importer(2089858483,b0f066a214c2f5e87bad3c948f4d605d)
Start importing Assets/Downloaded/SiuniaevCharacters/02_Golem/Models/FBX using Guid(24e23987af1ee034b91873a5c9f6e50b) Importer(2089858483,b0f066a214c2f5e87bad3c948f4d605d) (ScriptedImporter) -> (Import Result ID: '0ffc1d0f12fd57ebd011a12f80549ef3') in 0.0166398 seconds [static and dynamic dependencies]. Details - ImportResultOutputID=8a1b5b3753331ada5742cbc5cc346b98 DependenciesID=82298ba3188bab89137cd0ad214b2dee StaticDependenciesID=06214399d770f1a59cd3016a19ba22a1 
Number of updated asset objects reloaded before import = 0Number of asset objects unloaded after import = 1

========================================================================
Received Import Request.
  Time since last request: 0.000027 seconds.
  path: Assets/Downloaded/SiuniaevCharacters/02_Golem/Prefabs/GolemPrefab.prefab
  importAddress: Guid(e812c04705f47d645beb13e90ec0ff93) Importer(2089858483,b0f066a214c2f5e87bad3c948f4d605d)
Start importing Assets/Downloaded/SiuniaevCharacters/02_Golem/Prefabs/GolemPrefab.prefab using Guid(e812c04705f47d645beb13e90ec0ff93) Importer(2089858483,b0f066a214c2f5e87bad3c948f4d605d) (ScriptedImporter) -> (Import Result ID: 'eed217a87621abda81399e1e5ff8cb91') in 0.0717404 seconds [static and dynamic dependencies]. Details - ImportResultOutputID=be156ffe0119453453d0c099c9fe9c0b DependenciesID=fb94fa11ec7d3d582ddad6473bdea81e StaticDependenciesID=4f337a8112c1c5713d52a88408acfc71 
Number of updated asset objects reloaded before import = 0Number of asset objects unloaded after import = 49

========================================================================
Received Import Request.
  Time since last request: 0.000031 seconds.
  path: Assets/Downloaded/Blink/Art/Animations/Movement
  importAddress: Guid(2df16523627fcc9498ddc55c7c6ec750) Importer(2089858483,b0f066a214c2f5e87bad3c948f4d605d)
Start importing Assets/Downloaded/Blink/Art/Animations/Movement using Guid(2df16523627fcc9498ddc55c7c6ec750) Importer(2089858483,b0f066a214c2f5e87bad3c948f4d605d) (ScriptedImporter) -> (Import Result ID: 'a9fcebc6a9deca2f4782762bdb918e7f') in 0.0165394 seconds [static and dynamic dependencies]. Details - ImportResultOutputID=20b76f40ef56c41dae0fda20f0bc5532 DependenciesID=27f3aacbed6131170531cf2cf0f0d3b3 StaticDependenciesID=042691032efa2025c483fa356c23e6eb 
Number of updated asset objects reloaded before import = 0Number of asset objects unloaded after import = 1

========================================================================
Received Import Request.
  Time since last request: 0.000047 seconds.
  path: Assets/Downloaded/SiuniaevCharacters/02_Golem/Models/3dsmax
  importAddress: Guid(c697e4bcc0b515c48b720cb3d652ab1b) Importer(2089858483,b0f066a214c2f5e87bad3c948f4d605d)
Start importing Assets/Downloaded/SiuniaevCharacters/02_Golem/Models/3dsmax using Guid(c697e4bcc0b515c48b720cb3d652ab1b) Importer(2089858483,b0f066a214c2f5e87bad3c948f4d605d) (ScriptedImporter) -> (Import Result ID: 'da7b6dc05fa90bf850cbbbe76b0612b0') in 0.0205554 seconds [static and dynamic dependencies]. Details - ImportResultOutputID=d5c750046e0dd1f5acf47411a7e5fb53 DependenciesID=f77a61dc74139b0cf69de95d737ccda4 StaticDependenciesID=51f9db945b15f7465bfe033aa14f8b68 
Number of updated asset objects reloaded before import = 0Number of asset objects unloaded after import = 1

========================================================================
Received Import Request.
  Time since last request: 0.000029 seconds.
  path: Assets/Downloaded/SiuniaevCharacters/02_Golem/Models/FBX/Golem.FBX
  importAddress: Guid(d19f0e375a0203a4ca72964404dbd39e) Importer(2089858483,b0f066a214c2f5e87bad3c948f4d605d)
Start importing Assets/Downloaded/SiuniaevCharacters/02_Golem/Models/FBX/Golem.FBX using Guid(d19f0e375a0203a4ca72964404dbd39e) Importer(2089858483,b0f066a214c2f5e87bad3c948f4d605d) (ScriptedImporter)MaterialLocation.External is obsolete. External Material Location is no longer supported. (Assets/Downloaded/SiuniaevCharacters/02_Golem/Models/FBX/Golem.FBX)
 -> (Import Result ID: '9127521f9aaff5a027d0e2028a418bbf') in 0.1095928 seconds [static and dynamic dependencies]. Details - ImportResultOutputID=3d9524f2a88baa4707f0251efd4a4c1d DependenciesID=0565a6a632467c316b16b497d8adb66d StaticDependenciesID=b787a57d3535c9c7b6a2ce39c46f4468 
Number of updated asset objects reloaded before import = 0Number of asset objects unloaded after import = 60

========================================================================
Received Import Request.
  Time since last request: 0.000029 seconds.
  path: Assets/Downloaded/Blink/Art/Animations/Combat/SpinAttack_TwoHanded.fbx
  importAddress: Guid(83cb8742d5b5bec4f86b2e4a26822bef) Importer(2089858483,b0f066a214c2f5e87bad3c948f4d605d)
Start importing Assets/Downloaded/Blink/Art/Animations/Combat/SpinAttack_TwoHanded.fbx using Guid(83cb8742d5b5bec4f86b2e4a26822bef) Importer(2089858483,b0f066a214c2f5e87bad3c948f4d605d) (ScriptedImporter) -> (Import Result ID: 'dd86bd8d312d1fcc68848e0fee9a3df2') in 0.037044 seconds [static and dynamic dependencies]. Details - ImportResultOutputID=6c889216f06fea54e412c87b3729de1a DependenciesID=a6f9370d83ebf772ba2c19c56e400222 StaticDependenciesID=d77d9a347690b5c14d0716be6322e687 
Number of updated asset objects reloaded before import = 0Number of asset objects unloaded after import = 160

========================================================================
Received Import Request.
  Time since last request: 0.000052 seconds.
  path: Assets/Downloaded/Blink/Art/Characters/Stylized/Humans/Armors_Humans/Textures_ArmorsHumans/StarterArmor_BaseColor1.png
  importAddress: Guid(97583a90974b5fb4e802d9efd619f011) Importer(2089858483,b0f066a214c2f5e87bad3c948f4d605d)
Start importing Assets/Downloaded/Blink/Art/Characters/Stylized/Humans/Armors_Humans/Textures_ArmorsHumans/StarterArmor_BaseColor1.png using Guid(97583a90974b5fb4e802d9efd619f011) Importer(2089858483,b0f066a214c2f5e87bad3c948f4d605d) (ScriptedImporter) -> (Import Result ID: '9dcac2921632a2002c7c4d53533614a3') in 0.0916167 seconds [static and dynamic dependencies]. Details - ImportResultOutputID=7455d5f0e4de8df4daee3fb9562f5848 DependenciesID=7888dc0f42b5e14ff53c17a7d26e5567 StaticDependenciesID=957f9f4ae7fe7435998ca87377c21145 
Number of updated asset objects reloaded before import = 0Number of asset objects unloaded after import = 1

========================================================================
Received Import Request.
  Time since last request: 0.000032 seconds.
  path: Assets/Downloaded/Blink/Art/Animations/Combat/Buff.fbx
  importAddress: Guid(8f0e32dcca81a4e4f87c78bfe2b97005) Importer(2089858483,b0f066a214c2f5e87bad3c948f4d605d)
Start importing Assets/Downloaded/Blink/Art/Animations/Combat/Buff.fbx using Guid(8f0e32dcca81a4e4f87c78bfe2b97005) Importer(2089858483,b0f066a214c2f5e87bad3c948f4d605d) (ScriptedImporter) -> (Import Result ID: '7b2da1a483a2d18a78850a66b959d6a4') in 0.0329738 seconds [static and dynamic dependencies]. Details - ImportResultOutputID=a560488e6d53dfd018935a885ff456e5 DependenciesID=61af5224aaa88c62aec96df9e66634c8 StaticDependenciesID=289566ec723e6d5d34ac0df38ef6db58 
Number of updated asset objects reloaded before import = 0Number of asset objects unloaded after import = 160

========================================================================
Received Import Request.
  Time since last request: 0.000064 seconds.
  path: Assets/Downloaded/SiuniaevCharacters/02_Golem/Prefabs
  importAddress: Guid(612275d99a40124459b51e2c70a4c2d3) Importer(2089858483,b0f066a214c2f5e87bad3c948f4d605d)
Start importing Assets/Downloaded/SiuniaevCharacters/02_Golem/Prefabs using Guid(612275d99a40124459b51e2c70a4c2d3) Importer(2089858483,b0f066a214c2f5e87bad3c948f4d605d) (ScriptedImporter) -> (Import Result ID: '805125f5d7874db0ce14ab25515f259c') in 0.0186137 seconds [static and dynamic dependencies]. Details - ImportResultOutputID=d2c720242df7d00b469ad828e314aec6 DependenciesID=b12873e59d2e0dcd60ce65313d7e8beb StaticDependenciesID=95e1e2bab9e69bf0eb13251fe0da90d1 
Number of updated asset objects reloaded before import = 0Number of asset objects unloaded after import = 1

========================================================================
Received Import Request.
  Time since last request: 0.000050 seconds.
  path: Assets/Downloaded/Blink/Art/Characters/Stylized/Humans/Materials_Humans/Beard3.mat
  importAddress: Guid(8a2e206b5d152dd4baa9ca8f0aab825c) Importer(2089858483,b0f066a214c2f5e87bad3c948f4d605d)
Start importing Assets/Downloaded/Blink/Art/Characters/Stylized/Humans/Materials_Humans/Beard3.mat using Guid(8a2e206b5d152dd4baa9ca8f0aab825c) Importer(2089858483,b0f066a214c2f5e87bad3c948f4d605d) (ScriptedImporter) -> (Import Result ID: '61f47c482f261a2e70e205f20bfb79b8') in 0.0514345 seconds [static and dynamic dependencies]. Details - ImportResultOutputID=ba41f1a28ece07788e994a14154e75fd DependenciesID=b20bad4029e3692b953e74dfc02f74df StaticDependenciesID=e5170ac2edb3d6c3140d65229fb889c0 
Number of updated asset objects reloaded before import = 0Number of asset objects unloaded after import = 5

========================================================================
Received Import Request.
  Time since last request: 0.000034 seconds.
  path: Assets/Downloaded/Blink/Art/Characters/Stylized/Demo_Characters
  importAddress: Guid(a630f8566229f2643a90bf03c5b321e8) Importer(2089858483,b0f066a214c2f5e87bad3c948f4d605d)
Start importing Assets/Downloaded/Blink/Art/Characters/Stylized/Demo_Characters using Guid(a630f8566229f2643a90bf03c5b321e8) Importer(2089858483,b0f066a214c2f5e87bad3c948f4d605d) (ScriptedImporter) -> (Import Result ID: 'ac4b2de04fac35cf9cbbeb83d32bad22') in 0.0174026 seconds [static and dynamic dependencies]. Details - ImportResultOutputID=7173a139d079f194e6231ae164baf3b8 DependenciesID=f1e60d5aac0ce209f3e7dbbeda90d901 StaticDependenciesID=01bbd5825ba104019824411094ea9cb0 
Number of updated asset objects reloaded before import = 0Number of asset objects unloaded after import = 1

Editor requested this worker to shutdown with reason: Scaling down because of idle timeout
AssetImportWorker is now disconnected from the server
Process exiting
Exiting without the bug reporter. Application will terminate with return code 0